Traceback (most recent call last):
  File "C:\Users\Rohan Patel\Projects\Travia\backend\test_quick.py", line 10, in <module>
    response = client.models.generate_content(
        model='gemini-2.0-flash',
    ...<3 lines>...
        ),
    )
  File "C:\Users\Rohan Patel\Projects\Travia\backend\venv\Lib\site-packages\google\genai\models.py", line 6021, in generate_content
    response = self._generate_content(
        model=model, contents=contents, config=parsed_config
    )
  File "C:\Users\Rohan Patel\Projects\Travia\backend\venv\Lib\site-packages\google\genai\models.py", line 4683, in _generate_content
    response = self._api_client.request(
        'post', path, request_dict, http_options
    )
  File "C:\Users\Rohan Patel\Projects\Travia\backend\venv\Lib\site-packages\google\genai\_api_client.py", line 1532, in request
    response = self._request(http_request, http_options, stream=False)
  File "C:\Users\Rohan Patel\Projects\Travia\backend\venv\Lib\site-packages\google\genai\_api_client.py", line 1327, in _request
    return self._retry(self._request_once, http_request, stream)  # type: ignore[no-any-return]
           ~~~~~~~~~~~^^^^^^^^^^^^^^^^^^^^^^^^^^^^^^^^^^^^^^^^^^
  File "C:\Users\Rohan Patel\Projects\Travia\backend\venv\Lib\site-packages\tenacity\__init__.py", line 470, in __call__
    do = self.iter(retry_state=retry_state)
  File "C:\Users\Rohan Patel\Projects\Travia\backend\venv\Lib\site-packages\tenacity\__init__.py", line 371, in iter
    result = action(retry_state)
  File "C:\Users\Rohan Patel\Projects\Travia\backend\venv\Lib\site-packages\tenacity\__init__.py", line 413, in exc_check
    raise retry_exc.reraise()
          ~~~~~~~~~~~~~~~~~^^
  File "C:\Users\Rohan Patel\Projects\Travia\backend\venv\Lib\site-packages\tenacity\__init__.py", line 184, in reraise
    raise self.last_attempt.result()
          ~~~~~~~~~~~~~~~~~~~~~~~~^^
  File "C:\Users\Rohan Patel\AppData\Local\Python\pythoncore-3.14-64\Lib\concurrent\futures\_base.py", line 443, in result
    return self.__get_result()
           ~~~~~~~~~~~~~~~~~^^
  File "C:\Users\Rohan Patel\AppData\Local\Python\pythoncore-3.14-64\Lib\concurrent\futures\_base.py", line 395, in __get_result
    raise self._exception
  File "C:\Users\Rohan Patel\Projects\Travia\backend\venv\Lib\site-packages\tenacity\__init__.py", line 473, in __call__
    result = fn(*args, **kwargs)
  File "C:\Users\Rohan Patel\Projects\Travia\backend\venv\Lib\site-packages\google\genai\_api_client.py", line 1304, in _request_once
    errors.APIError.raise_for_response(response)
    ~~~~~~~~~~~~~~~~~~~~~~~~~~~~~~~~~~^^^^^^^^^^
  File "C:\Users\Rohan Patel\Projects\Travia\backend\venv\Lib\site-packages\google\genai\errors.py", line 155, in raise_for_response
    cls.raise_error(response.status_code, response_json, response)
    ~~~~~~~~~~~~~~~^^^^^^^^^^^^^^^^^^^^^^^^^^^^^^^^^^^^^^^^^^^^^^^
  File "C:\Users\Rohan Patel\Projects\Travia\backend\venv\Lib\site-packages\google\genai\errors.py", line 184, in raise_error
    raise ClientError(status_code, response_json, response)
google.genai.errors.ClientError: 429 RESOURCE_EXHAUSTED. {'error': {'code': 429, 'message': 'You exceeded your current quota, please check your plan and billing details. For more information on this error, head to: https://ai.google.dev/gemini-api/docs/rate-limits. To monitor your current usage, head to: https://ai.dev/rate-limit. \n* Quota exceeded for metric: generativelanguage.googleapis.com/generate_content_free_tier_input_token_count, limit: 0, model: gemini-2.0-flash\n* Quota exceeded for metric: generativelanguage.googleapis.com/generate_content_free_tier_requests, limit: 0, model: gemini-2.0-flash\n* Quota exceeded for metric: generativelanguage.googleapis.com/generate_content_free_tier_requests, limit: 0, model: gemini-2.0-flash\nPlease retry in 32.011043405s.', 'status': 'RESOURCE_EXHAUSTED', 'details': [{'@type': 'type.googleapis.com/google.rpc.Help', 'links': [{'description': 'Learn more about Gemini API quotas', 'url': 'https://ai.google.dev/gemini-api/docs/rate-limits'}]}, {'@type': 'type.googleapis.com/google.rpc.QuotaFailure', 'violations': [{'quotaMetric': 'generativelanguage.googleapis.com/generate_content_free_tier_input_token_count', 'quotaId': 'GenerateContentInputTokensPerModelPerMinute-FreeTier', 'quotaDimensions': {'model': 'gemini-2.0-flash', 'location': 'global'}}, {'quotaMetric': 'generativelanguage.googleapis.com/generate_content_free_tier_requests', 'quotaId': 'GenerateRequestsPerMinutePerProjectPerModel-FreeTier', 'quotaDimensions': {'location': 'global', 'model': 'gemini-2.0-flash'}}, {'quotaMetric': 'generativelanguage.googleapis.com/generate_content_free_tier_requests', 'quotaId': 'GenerateRequestsPerDayPerProjectPerModel-FreeTier', 'quotaDimensions': {'model': 'gemini-2.0-flash', 'location': 'global'}}]}, {'@type': 'type.googleapis.com/google.rpc.RetryInfo', 'retryDelay': '32s'}]}}
